07-29 22:23:23.408  9002  9120 E djrt    : 	at djrt.<init>(:com.google.android.gms@222615031@22.26.15 (100700-461192076):2)
07-29 22:23:23.408  9002  9120 E djrt    : 	at djke.a(:com.google.android.gms@222615031@22.26.15 (100700-461192076):22)
07-29 22:23:23.408  9002  9120 E djrt    : 	at yyi.c(:com.google.android.gms@222615031@22.26.15 (100700-461192076):22)
07-29 22:23:23.408  9002  9120 E djrt    : 	at yyi.d(:com.google.android.gms@222615031@22.26.15 (100700-461192076):1)
07-29 22:23:23.408  9002  9120 E djrt    : 	at akcc.a(:com.google.android.gms@222615031@22.26.15 (100700-461192076):57)
07-29 22:23:23.408  9002  9120 E djrt    : 	at yxo.call(:com.google.android.gms@222615031@22.26.15 (100700-461192076):2)
07-29 22:23:23.408  9002  9120 E djrt    : 	at java.util.concurrent.FutureTask.run(FutureTask.java:266)
07-29 22:23:23.408  9002  9120 E djrt    : 	at zeu.c(:com.google.android.gms@222615031@22.26.15 (100700-461192076):6)
07-29 22:23:23.408  9002  9120 E djrt    : 	at zeu.run(:com.google.android.gms@222615031@22.26.15 (100700-461192076):8)
07-29 22:23:23.408  9002  9120 E djrt    : 	at java.util.concurrent.ThreadPoolExecutor.runWorker(ThreadPoolExecutor.java:1167)
07-29 22:23:23.408  9002  9120 E djrt    : 	at java.util.concurrent.ThreadPoolExecutor$Worker.run(ThreadPoolExecutor.java:641)
07-29 22:23:23.408  9002  9120 E djrt    : 	at zjz.run(:com.google.android.gms@222615031@22.26.15 (100700-461192076):0)
07-29 22:23:23.408  9002  9120 E djrt    : 	at java.lang.Thread.run(Thread.java:919)
07-29 22:23:23.416  9002  9120 W GLSUser : [DeviceKeyStore] Cannot load key: Device key file not found.
07-29 22:23:23.468  7996 26313 I Finsky  : [1139] glv.b(1): Completed 0 account content syncs with 0 successful.
07-29 22:23:23.469  7996  7996 I Finsky  : [2] ContentSyncJob.a(1): [ContentSync] Installation state replication succeeded.
07-29 22:23:23.469  7996  7996 I Finsky  : [2] abvs.n(4): SCH: jobFinished: 12-1. TimeElapsed: 74ms.
07-29 22:23:23.469  7996  7996 I Finsky  : [2] abuj.e(4): SCH: Job 12-1 finished. Not rescheduling.
07-29 22:23:23.469  7996  7996 I Finsky  : [2] abui.handleMessage(68): SCH: RunningQueue size: 0, PendingQueue size: 0
07-29 22:23:23.470  7996  7996 I Finsky  : [2] abui.handleMessage(26): SCH: Executor finished
07-29 22:23:23.480  7996  7996 I Finsky  : [2] abwt.b(5): SCH: Jobs in database: 1-1337 2-48879 3-1 3-3 3-4 10-78 20-23232323 24-77777777 26-1414141414 31-305419896
07-29 22:23:23.482  7996  7996 I Finsky  : [2] abvf.d(37): SCH: ConstraintMapping: 24-77777777,  -> L: 0ms, D: 42430881ms, C: false, I: true, N: 0
07-29 22:23:23.482  7996  7996 I Finsky  : [2] abvf.d(37): SCH: ConstraintMapping: 1-1337, 31-305419896,  -> L: 227508ms, D: 82003508ms, C: false, I: false, N: 1
07-29 22:23:23.483  7996  7996 I Finsky  : [2] abvf.d(37): SCH: ConstraintMapping: 10-78,  -> L: 0ms, D: 84343536ms, C: false, I: true, N: 1
07-29 22:23:23.483  7996  7996 I Finsky  : [2] abvf.d(37): SCH: ConstraintMapping: 3-4, 20-23232323,  -> L: 0ms, D: 56671591ms, C: true, I: false, N: 2
07-29 22:23:23.484  7996  7996 I Finsky  : [2] abvf.d(37): SCH: ConstraintMapping: 2-48879, 3-1, 3-3,  -> L: 0ms, D: 46033099ms, C: true, I: true, N: 2
07-29 22:23:23.484  7996  7996 I Finsky  : [2] abvf.d(37): SCH: ConstraintMapping: 26-1414141414,  -> L: 3731985ms, D: 4631985ms, C: false, I: false, N: 0
07-29 22:23:23.501  7996  7996 I Finsky  : [2] abvf.f(7): SCH: Cancelling existing jobscheduler jobs: 9001 9005 9006 9004 9003
07-29 22:23:23.501  7996  7996 I Finsky  : [2] abvf.e(8): SCH: Throttling wakeup for job 9000 (expected to run in 0 ms) due to recent wakeup
07-29 22:23:23.502  7996  7996 I Finsky  : [2] abvf.e(23): SCH: Scheduling job Id: 9000, L: 30000, D: 42430881, C: false, I: true, N: 0
07-29 22:23:23.503  7996  7996 I Finsky  : [2] abvf.e(23): SCH: Scheduling job Id: 9007, L: 227508, D: 82003508, C: false, I: false, N: 1
07-29 22:23:23.505  7996  7996 I Finsky  : [2] abvf.e(8): SCH: Throttling wakeup for job 9008 (expected to run in 0 ms) due to recent wakeup
07-29 22:23:23.505  7996  7996 I Finsky  : [2] abvf.e(23): SCH: Scheduling job Id: 9008, L: 30000, D: 84343536, C: false, I: true, N: 1
07-29 22:23:23.508  7996  7996 I Finsky  : [2] abvf.e(8): SCH: Throttling wakeup for job 9009 (expected to run in 0 ms) due to recent wakeup
07-29 22:23:23.508  7996  7996 I Finsky  : [2] abvf.e(23): SCH: Scheduling job Id: 9009, L: 30000, D: 56671591, C: true, I: false, N: 2
07-29 22:23:23.510  7996  7996 I Finsky  : [2] abvf.e(8): SCH: Throttling wakeup for job 9010 (expected to run in 0 ms) due to recent wakeup
07-29 22:23:23.510  7996  7996 I Finsky  : [2] abvf.e(23): SCH: Scheduling job Id: 9010, L: 30000, D: 46033099, C: true, I: true, N: 2
07-29 22:23:23.512  7996  7996 I Finsky  : [2] abvf.e(23): SCH: Scheduling job Id: 9011, L: 3731985, D: 4631985, C: false, I: false, N: 0
07-29 22:23:24.017  1794  2501 E GnssHAL_GnssInterface: gnssSvStatusCb: a: input svInfo.flags is 8
07-29 22:23:24.017  1794  2501 E GnssHAL_GnssInterface: gnssSvStatusCb: b: input svInfo.flags is 8
07-29 22:23:24.157  9002  9002 D BoundBrokerSvc: onUnbind: Intent { act=com.google.android.gms.icing.LIGHTWEIGHT_INDEX_SERVICE dat=chimera-action:com.google.android.gms.icing.LIGHTWEIGHT_INDEX_SERVICE cmp=com.google.android.gms/.chimera.PersistentApiService }
07-29 22:23:24.762  9002 26500 E memtrack: Couldn't load memtrack module
07-29 22:23:24.762  9002 26500 W android.os.Debug: failed to get memory consumption info: -1
07-29 22:23:25.017  1794  2501 E GnssHAL_GnssInterface: gnssSvStatusCb: a: input svInfo.flags is 8
07-29 22:23:25.017  1794  2501 E GnssHAL_GnssInterface: gnssSvStatusCb: b: input svInfo.flags is 8
07-29 22:23:25.121  9002  9120 W GLSUser : [AppCertManager] IOException while requesting key:
07-29 22:23:25.121  9002  9120 W GLSUser : java.io.IOException: Invalid device key response.
07-29 22:23:25.121  9002  9120 W GLSUser : 	at lqh.b(:com.google.android.gms@222615031@22.26.15 (100700-461192076):29)
07-29 22:23:25.121  9002  9120 W GLSUser : 	at lqf.a(:com.google.android.gms@222615031@22.26.15 (100700-461192076):5)
07-29 22:23:25.121  9002  9120 W GLSUser : 	at lqb.a(:com.google.android.gms@222615031@22.26.15 (100700-461192076):0)
07-29 22:23:25.121  9002  9120 W GLSUser : 	at lqd.a(:com.google.android.gms@222615031@22.26.15 (100700-461192076):5)
07-29 22:23:25.121  9002  9120 W GLSUser : 	at lqd.b(:com.google.android.gms@222615031@22.26.15 (100700-461192076):0)
07-29 22:23:25.121  9002  9120 W GLSUser : 	at yxu.s(:com.google.android.gms@222615031@22.26.15 (100700-461192076):1)
07-29 22:23:25.121  9002  9120 W GLSUser : 	at yyi.e(:com.google.android.gms@222615031@22.26.15 (100700-461192076):4)
07-29 22:23:25.121  9002  9120 W GLSUser : 	at apyp.a(:com.google.android.gms@222615031@22.26.15 (100700-461192076):6)
07-29 22:23:25.121  9002  9120 W GLSUser : 	at apyw.onGetFromLocationName(:com.google.android.gms@222615031@22.26.15 (100700-461192076):32)
07-29 22:23:25.121  9002  9120 W GLSUser : 	at com.android.location.provider.GeocodeProvider$1.getFromLocationName(GeocodeProvider.java:51)
07-29 22:23:25.121  9002  9120 W GLSUser : 	at android.location.IGeocodeProvider$Stub.onTransact(IGeocodeProvider.java:138)
07-29 22:23:25.121  9002  9120 W GLSUser : 	at android.os.Binder.transact(Binder.java:914)
07-29 22:23:25.121  9002  9120 W GLSUser : 	at ajam.onTransact(:com.google.android.gms@222615031@22.26.15 (100700-461192076):17)
07-29 22:23:25.121  9002  9120 W GLSUser : 	at android.os.Binder.execTransactInternal(Binder.java:1021)
07-29 22:23:25.121  9002  9120 W GLSUser : 	at android.os.Binder.execTransact(Binder.java:994)
07-29 22:23:25.121  9002  9120 W GLSUser : [DeviceKeyStore] Cannot load key: Device key file not found.
07-29 22:23:25.837  9002 26121 W Conscrypt: Could not set socket write timeout: java.net.SocketException: Socket closed
07-29 22:23:25.838  9002 26121 W Conscrypt: 	at com.google.android.gms.org.conscrypt.Platform.setSocketWriteTimeout(:com.google.android.gms@222615031@22.26.15 (100700-461192076):2)
07-29 22:23:25.838  9002 26121 W Conscrypt: 	at com.google.android.gms.org.conscrypt.ConscryptFileDescriptorSocket.setSoWriteTimeout(:com.google.android.gms@222615031@22.26.15 (100700-461192076):0)
07-29 22:23:26.017  1794  2501 E GnssHAL_GnssInterface: gnssSvStatusCb: a: input svInfo.flags is 8
07-29 22:23:26.017  1794  2501 E GnssHAL_GnssInterface: gnssSvStatusCb: b: input svInfo.flags is 8
07-29 22:23:26.049  9002 26121 W Conscrypt: Could not set socket write timeout: java.net.SocketException: Socket closed
07-29 22:23:26.049  9002 26121 W Conscrypt: 	at com.google.android.gms.org.conscrypt.Platform.setSocketWriteTimeout(:com.google.android.gms@222615031@22.26.15 (100700-461192076):2)
07-29 22:23:26.049  9002 26121 W Conscrypt: 	at com.google.android.gms.org.conscrypt.ConscryptFileDescriptorSocket.setSoWriteTimeout(:com.google.android.gms@222615031@22.26.15 (100700-461192076):0)
07-29 22:23:26.531  1785  2002 W audio_hw_generic: Not supplying enough data to HAL, expected position 10974932 , only wrote 10787520
07-29 22:23:26.709 26400 26431 W ngapp.joinalon: Accessing hidden method Lsun/misc/Unsafe;->compareAndSwapObject(Ljava/lang/Object;JLjava/lang/Object;Ljava/lang/Object;)Z (greylist, linking, allowed)
07-29 22:23:26.710 26400 26400 I ViewInteraction: Checking 'MatchesViewAssertion{viewMatcher=an instance of android.widget.EditText and editText.getError() to match is "Beginning date cannot be in the past."}' assertion on view view.getId() is <2131362010/com.joinalongapp.joinalong:id/editTextEventManagementBeginningDate>
07-29 22:23:26.719 26400 26400 D LifecycleMonitor: Lifecycle status change: com.joinalongapp.joinalong.ManageEventActivity@b60d83c in: PAUSED
07-29 22:23:26.719 26400 26400 V ActivityScenario: Update currentActivityStage to PAUSED, currentActivity=com.joinalongapp.joinalong.ManageEventActivity@b60d83c
07-29 22:23:26.720  2044  3399 W InputReader: Device has associated, but no associated display id.
07-29 22:23:26.721  2044  3399 I chatty  : uid=1000(system) Binder:2044_14 identical 29 lines
07-29 22:23:26.722  2044  3399 W InputReader: Device has associated, but no associated display id.
07-29 22:23:26.724 26433 26433 W ActivityThread: handleWindowVisibility: no activity for token android.os.BinderProxy@45a0a6b
07-29 22:23:26.724  2044  3399 W InputReader: Device has associated, but no associated display id.
07-29 22:23:26.729  2044  3399 I chatty  : uid=1000(system) Binder:2044_14 identical 17 lines
07-29 22:23:26.729  2044  3399 W InputReader: Device has associated, but no associated display id.
07-29 22:23:26.793 26433 26464 D HostConnection: HostConnection::get() New Host Connection established 0xd1633040, tid 26464
07-29 22:23:26.796 26433 26464 D HostConnection: HostComposition ext ANDROID_EMU_CHECKSUM_HELPER_v1 ANDROID_EMU_native_sync_v2 ANDROID_EMU_native_sync_v3 ANDROID_EMU_native_sync_v4 ANDROID_EMU_dma_v1 ANDROID_EMU_direct_mem ANDROID_EMU_host_composition_v1 ANDROID_EMU_host_composition_v2 ANDROID_EMU_vulkan ANDROID_EMU_deferred_vulkan_commands ANDROID_EMU_vulkan_null_optional_strings ANDROID_EMU_vulkan_create_resources_with_requirements ANDROID_EMU_YUV420_888_to_NV21 ANDROID_EMU_YUV_Cache ANDROID_EMU_vulkan_free_memory_sync ANDROID_EMU_vulkan_shader_float16_int8 ANDROID_EMU_vulkan_async_queue_submit ANDROID_EMU_sync_buffer_data GL_OES_EGL_image_external_essl3 GL_OES_vertex_array_object GL_KHR_texture_compression_astc_ldr ANDROID_EMU_host_side_tracing ANDROID_EMU_gles_max_version_3_0
07-29 22:23:26.800 26433 26464 W OpenGLRenderer: Failed to choose config with EGL_SWAP_BEHAVIOR_PRESERVED, retrying without...
07-29 22:23:26.813 26433 26464 D eglCodecCommon: setVertexArrayObject: set vao to 0 (0) 0 0
07-29 22:23:26.813 26433 26464 D EGL_emulation: eglCreateContext: 0xdcd17440: maj 3 min 0 rcv 3
07-29 22:23:26.815 26433 26464 D EGL_emulation: eglMakeCurrent: 0xdcd17440: ver 3 0 (tinfo 0xe7e89520)
07-29 22:23:26.832  1796  1880 D gralloc_ranchu: gralloc_alloc: Creating ashmem region of size 9334784
07-29 22:23:26.837  1679  1679 I hwservicemanager: getTransport: Cannot find entry android.hardware.graphics.mapper@3.0::IMapper/default in either framework or device manifest.
07-29 22:23:26.837 26433 26464 W Gralloc3: mapper 3.x is not supported
07-29 22:23:26.840 26433 26464 D HostConnection: createUnique: call
07-29 22:23:26.840 26433 26464 D HostConnection: HostConnection::get() New Host Connection established 0xd1634800, tid 26464
07-29 22:23:26.841 26433 26464 D HostConnection: HostComposition ext ANDROID_EMU_CHECKSUM_HELPER_v1 ANDROID_EMU_native_sync_v2 ANDROID_EMU_native_sync_v3 ANDROID_EMU_native_sync_v4 ANDROID_EMU_dma_v1 ANDROID_EMU_direct_mem ANDROID_EMU_host_composition_v1 ANDROID_EMU_host_composition_v2 ANDROID_EMU_vulkan ANDROID_EMU_deferred_vulkan_commands ANDROID_EMU_vulkan_null_optional_strings ANDROID_EMU_vulkan_create_resources_with_requirements ANDROID_EMU_YUV420_888_to_NV21 ANDROID_EMU_YUV_Cache ANDROID_EMU_vulkan_free_memory_sync ANDROID_EMU_vulkan_shader_float16_int8 ANDROID_EMU_vulkan_async_queue_submit ANDROID_EMU_sync_buffer_data GL_OES_EGL_image_external_essl3 GL_OES_vertex_array_object GL_KHR_texture_compression_astc_ldr ANDROID_EMU_host_side_tracing ANDROID_EMU_gles_max_version_3_0
07-29 22:23:26.842 26433 26464 D eglCodecCommon: allocate: Ask for block of size 0x1000
07-29 22:23:26.842 26433 26464 D eglCodecCommon: allocate: ioctl allocate returned offset 0x3ff70a000 size 0x2000
07-29 22:23:26.845  1796  1880 D gralloc_ranchu: gralloc_alloc: Creating ashmem region of size 9334784
07-29 22:23:26.849  1796 18153 D gralloc_ranchu: gralloc_alloc: Creating ashmem region of size 9334784
07-29 22:23:26.864 26433 26464 D EGL_emulation: eglMakeCurrent: 0xdcd17440: ver 3 0 (tinfo 0xe7e89520)
07-29 22:23:26.892 26433 26464 D eglCodecCommon: setVertexArrayObject: set vao to 0 (0) 1 0
07-29 22:23:27.019  1794  2501 E GnssHAL_GnssInterface: gnssSvStatusCb: a: input svInfo.flags is 8
07-29 22:23:27.019  1794  2501 E GnssHAL_GnssInterface: gnssSvStatusCb: b: input svInfo.flags is 8
07-29 22:23:27.059  2044  2061 W InputReader: Device has associated, but no associated display id.
07-29 22:23:27.065  2044  2061 I chatty  : uid=1000(system) Binder:2044_2 identical 48 lines
07-29 22:23:27.065  2044  2061 W InputReader: Device has associated, but no associated display id.
07-29 22:23:27.073 26433 26433 W ActivityThread: handleWindowVisibility: no activity for token android.os.BinderProxy@6f74812
07-29 22:23:27.125  1796 18153 D gralloc_ranchu: gralloc_alloc: Creating ashmem region of size 9334784
07-29 22:23:27.178  1796 18153 D gralloc_ranchu: gralloc_alloc: Creating ashmem region of size 9334784
07-29 22:23:27.233  1796  1880 D gralloc_ranchu: gralloc_alloc: Creating ashmem region of size 9334784
07-29 22:23:27.249 26433 26464 D EGL_emulation: eglMakeCurrent: 0xdcd17440: ver 3 0 (tinfo 0xe7e89520)
07-29 22:23:27.301  2044  2068 W InputReader: Device has associated, but no associated display id.
07-29 22:23:27.302  2044  2068 I chatty  : uid=1000(system) android.anim identical 18 lines
07-29 22:23:27.302  2044  2068 W InputReader: Device has associated, but no associated display id.
07-29 22:23:27.305  2044  2072 I ActivityTaskManager: Displayed com.joinalongapp.joinalong.test/androidx.test.core.app.InstrumentationActivityInvoker$EmptyActivity: +330ms
07-29 22:23:27.313  2044  2061 W InputReader: Device has associated, but no associated display id.
07-29 22:23:27.313  2044  2061 I chatty  : uid=1000(system) Binder:2044_2 identical 8 lines
07-29 22:23:27.313  2044  2061 W InputReader: Device has associated, but no associated display id.
07-29 22:23:27.321 26400 26467 D EGL_emulation: eglMakeCurrent: 0xe7e52a80: ver 3 0 (tinfo 0xe7e89390)
07-29 22:23:27.327  2044  3533 W InputReader: Device has associated, but no associated display id.
07-29 22:23:27.328  2044  3533 I chatty  : uid=1000(system) Binder:2044_15 identical 8 lines
07-29 22:23:27.328  2044  3533 W InputReader: Device has associated, but no associated display id.
07-29 22:23:27.340  1796  1880 D gralloc_ranchu: gralloc_alloc: Creating ashmem region of size 9334784
07-29 22:23:27.345 26400 26400 D LifecycleMonitor: Lifecycle status change: com.joinalongapp.joinalong.ManageEventActivity@b60d83c in: STOPPED
07-29 22:23:27.349 26400 26400 V ActivityScenario: Update currentActivityStage to STOPPED, currentActivity=com.joinalongapp.joinalong.ManageEventActivity@b60d83c
07-29 22:23:27.356  1796  1880 D gralloc_ranchu: gralloc_alloc: Creating ashmem region of size 9334784
07-29 22:23:27.360  8823  8867 D EGL_emulation: eglMakeCurrent: 0xdcd0f300: ver 3 0 (tinfo 0xdcd3d1d0)
07-29 22:23:27.369 26400 26400 D LifecycleMonitor: Lifecycle status change: com.joinalongapp.joinalong.ManageEventActivity@b60d83c in: DESTROYED
07-29 22:23:27.369 26400 26400 V ActivityScenario: Update currentActivityStage to DESTROYED, currentActivity=null
07-29 22:23:27.369 26400 26431 I TestRunner: finished: testCreateEvent_WithPastBeginningDate_ShowsInvalidDateError(com.joinalongapp.joinalong.CreateEventsTest)

